[debug] [2026-05-31T13:37:32.126Z] [Firebase Plugin] Activating Firebase extension.
[info] [Firebase Plugin] Unable to check firebase-tools installation: TypeError: fetch failed
[debug] [2026-05-31T13:37:48.991Z] [Firebase Plugin] requireAuthWrapper
[debug] [2026-05-31T13:37:49.009Z] > command requires scopes: ["email","openid","https://www.googleapis.com/auth/cloudplatformprojects.readonly","https://www.googleapis.com/auth/firebase","https://www.googleapis.com/auth/cloud-platform"]
[debug] [2026-05-31T13:37:49.013Z] > authorizing via signed-in user (gcpadmin@jatayuhealth.com)
[debug] [2026-05-31T13:37:49.040Z] Checked if tokens are valid: true, expires at: 1780237928212
[debug] [2026-05-31T13:37:49.041Z] Checked if tokens are valid: true, expires at: 1780237928212
[debug] [2026-05-31T13:37:49.045Z] [Firebase Plugin] User found:  gcpadmin@jatayuhealth.com
[info] [Firebase Plugin] (Core:Project) New user detected, fetching projects
[debug] [2026-05-31T13:37:49.058Z] Checked if tokens are valid: true, expires at: 1780237928212
[debug] [2026-05-31T13:37:49.064Z] >>> [apiv2][query] GET https://firebase.googleapis.com/v1beta1/projects pageSize=1000
[debug] [2026-05-31T13:37:49.124Z] [Firebase Plugin] VSCode notification server listening on port 40001
[info] [Firebase Plugin] Starting SQL Connect toolkit (version 3.4.9) on port 50001
[debug] [2026-05-31T13:37:57.007Z] I0531 19:07:56.695554    4492 control.go:100] [projects/emulator/locations/emulator/services/jatayu-company-website-service 3926] UpdateResources(): done
Main schema: sources: schema\schema.gql [11014B] 
Connector "default": sources: connector\queries.gql [7195B] connector\mutations.gql [10946B] 
 {"metadata":{"emulator":{"name":"dataconnect"},"message":"I0531 19:07:56.695554    4492 control.go:100] [projects/emulator/locations/emulator/services/jatayu-company-website-service 3926] UpdateResources(): done\nMain schema: sources: schema\\schema.gql [11014B] \nConnector \"default\": sources: connector\\queries.gql [7195B] connector\\mutations.gql [10946B] \n"}}
[debug] [2026-05-31T13:37:57.704Z] Ignoring unsupported arg: auto_download {"metadata":{"emulator":{"name":"dataconnect"},"message":"Ignoring unsupported arg: auto_download"}}
[debug] [2026-05-31T13:37:57.705Z] Ignoring unsupported arg: port {"metadata":{"emulator":{"name":"dataconnect"},"message":"Ignoring unsupported arg: port"}}
[debug] [2026-05-31T13:37:57.706Z] Starting SQL Connect Emulator with command {"binary":"C:\\Users\\sridh\\.cache\\firebase\\emulators\\dataconnect-emulator-3.4.9.exe","args":["--logtostderr","-v=2","dev","--listen=localhost:50001","--config_dir=d:\\JatayuProducts\\website\\jatayu-web\\dataconnect","--enable_output_schema_extensions=true","--enable_output_generated_sdk=true"],"optionalArgs":["listen","config_dir","enable_output_schema_extensions","enable_output_generated_sdk"],"joinArgs":true,"shell":false,"port":9399} {"metadata":{"emulator":{"name":"dataconnect"},"message":"Starting SQL Connect Emulator with command {\"binary\":\"C:\\\\Users\\\\sridh\\\\.cache\\\\firebase\\\\emulators\\\\dataconnect-emulator-3.4.9.exe\",\"args\":[\"--logtostderr\",\"-v=2\",\"dev\",\"--listen=localhost:50001\",\"--config_dir=d:\\\\JatayuProducts\\\\website\\\\jatayu-web\\\\dataconnect\",\"--enable_output_schema_extensions=true\",\"--enable_output_generated_sdk=true\"],\"optionalArgs\":[\"listen\",\"config_dir\",\"enable_output_schema_extensions\",\"enable_output_generated_sdk\"],\"joinArgs\":true,\"shell\":false,\"port\":9399}"}}
[info] i  dataconnect: SQL Connect Emulator logging to dataconnect-debug.log {"metadata":{"emulator":{"name":"dataconnect"},"message":"SQL Connect Emulator logging to \u001b[1mdataconnect-debug.log\u001b[22m"}}
[debug] [2026-05-31T13:37:57.965Z] I0531 19:07:57.745416   15760 load.go:31] Reloading schema and connectors...
I0531 19:07:57.894674   15760 control.go:100] [projects/emulator/locations/emulator/services/jatayu-company-website-service 9171] UpdateResources(): done
Main schema: sources: schema\schema.gql [11014B] 
Connector "default": sources: connector\mutations.gql [10946B] connector\queries.gql [7195B] 
 {"metadata":{"emulator":{"name":"dataconnect"},"message":"I0531 19:07:57.745416   15760 load.go:31] Reloading schema and connectors...\nI0531 19:07:57.894674   15760 control.go:100] [projects/emulator/locations/emulator/services/jatayu-company-website-service 9171] UpdateResources(): done\nMain schema: sources: schema\\schema.gql [11014B] \nConnector \"default\": sources: connector\\mutations.gql [10946B] connector\\queries.gql [7195B] \n"}}
[debug] [2026-05-31T13:37:58.464Z] I0531 19:07:58.016408   15760 codegen.go:101] [connector "default" javascriptSdk] Generating sources into "d:\\JatayuProducts\\website\\jatayu-web\\dataconnect-generated\\js\\default-connector"
I0531 19:07:58.224781   15760 collector.go:107] schema extensions wrote into "d:\\JatayuProducts\\website\\jatayu-web\\dataconnect\\.dataconnect\\schema"
Generated sources: prelude.gql [84995B] main\mutation.gql [67955B] main\implicit.gql [9333B] main\input.gql [246465B] main\relation.gql [118674B] main\query.gql [24964B] 
I0531 19:07:58.277058   15760 collector.go:107] connector "default" javascriptSdk wrote into "d:\\JatayuProducts\\website\\jatayu-web\\dataconnect-generated\\js\\default-connector"
Generated sources: react\esm\index.esm.js [19941B] react\README.md [264760B] esm\package.json [17B] react\esm\package.json [17B] index.d.ts [56660B] esm\index.esm.js [31901B] index.cjs.js [35509B] package.json [861B] README.md [259043B] react\index.d.ts [26401B] react\package.json [468B] .guides/usage.md [4092B] react\index.cjs.js [21194B] .guides/setup.md [1690B] .guides/config.json [236B] 
I0531 19:07:58.368217   15760 installsdk.go:55] Package @firebasegen/default-connector is already installed. Skipping installation
I0531 19:07:58.368217   15760 load.go:109] Finished reloading
I0531 19:07:58.388585   15760 dev.go:104] Listening on address (HTTP + gRPC): 127.0.0.1:50001
 {"metadata":{"emulator":{"name":"dataconnect"},"message":"I0531 19:07:58.016408   15760 codegen.go:101] [connector \"default\" javascriptSdk] Generating sources into \"d:\\\\JatayuProducts\\\\website\\\\jatayu-web\\\\dataconnect-generated\\\\js\\\\default-connector\"\nI0531 19:07:58.224781   15760 collector.go:107] schema extensions wrote into \"d:\\\\JatayuProducts\\\\website\\\\jatayu-web\\\\dataconnect\\\\.dataconnect\\\\schema\"\nGenerated sources: prelude.gql [84995B] main\\mutation.gql [67955B] main\\implicit.gql [9333B] main\\input.gql [246465B] main\\relation.gql [118674B] main\\query.gql [24964B] \nI0531 19:07:58.277058   15760 collector.go:107] connector \"default\" javascriptSdk wrote into \"d:\\\\JatayuProducts\\\\website\\\\jatayu-web\\\\dataconnect-generated\\\\js\\\\default-connector\"\nGenerated sources: react\\esm\\index.esm.js [19941B] react\\README.md [264760B] esm\\package.json [17B] react\\esm\\package.json [17B] index.d.ts [56660B] esm\\index.esm.js [31901B] index.cjs.js [35509B] package.json [861B] README.md [259043B] react\\index.d.ts [26401B] react\\package.json [468B] .guides/usage.md [4092B] react\\index.cjs.js [21194B] .guides/setup.md [1690B] .guides/config.json [236B] \nI0531 19:07:58.368217   15760 installsdk.go:55] Package @firebasegen/default-connector is already installed. Skipping installation\nI0531 19:07:58.368217   15760 load.go:109] Finished reloading\nI0531 19:07:58.388585   15760 dev.go:104] Listening on address (HTTP + gRPC): 127.0.0.1:50001\n"}}
[debug] [2026-05-31T13:38:00.188Z] <<< [apiv2][status] GET https://firebase.googleapis.com/v1beta1/projects 200
[debug] [2026-05-31T13:38:00.189Z] <<< [apiv2][body] GET https://firebase.googleapis.com/v1beta1/projects [omitted]
[debug] [2026-05-31T13:41:23.995Z] [Firebase Plugin] Received CLI notification.
[debug] [2026-05-31T13:41:24.015Z] [Firebase Plugin] Received emulators shutdown notification.
[debug] [2026-05-31T13:43:12.180Z] [Firebase Plugin] Received CLI notification.
[debug] [2026-05-31T13:43:12.204Z] [Firebase Plugin] Received emulators shutdown notification.
[debug] [2026-05-31T14:12:41.483Z] [Firebase Plugin] Received CLI notification.
[debug] [2026-05-31T14:12:41.500Z] [Firebase Plugin] Received emulators shutdown notification.
[debug] [2026-05-31T14:13:20.803Z] [Firebase Plugin] Received CLI notification.
[debug] [2026-05-31T14:13:20.819Z] [Firebase Plugin] Received emulators shutdown notification.
[debug] [2026-05-31T14:13:54.332Z] [Firebase Plugin] Received CLI notification.
[debug] [2026-05-31T14:13:54.349Z] [Firebase Plugin] Received emulators shutdown notification.
[info] [Firebase Plugin] Stopping SQL Connect toolkit
[warn] !  SQL Connect Emulator has exited upon receiving signal: SIGINT 
[debug] [2026-05-31T14:18:15.572Z] [Firebase Plugin] Activating Firebase extension.
[debug] [2026-05-31T14:18:20.825Z] [Firebase Plugin] requireAuthWrapper
[debug] [2026-05-31T14:18:20.828Z] > command requires scopes: ["email","openid","https://www.googleapis.com/auth/cloudplatformprojects.readonly","https://www.googleapis.com/auth/firebase","https://www.googleapis.com/auth/cloud-platform"]
[debug] [2026-05-31T14:18:20.829Z] > authorizing via signed-in user (gcpadmin@jatayuhealth.com)
[debug] [2026-05-31T14:18:20.832Z] Checked if tokens are valid: false, expires at: 1780237928212
[debug] [2026-05-31T14:18:20.833Z] Checked if tokens are valid: false, expires at: 1780237928212
[debug] [2026-05-31T14:18:20.834Z] > refreshing access token with scopes: []
[debug] [2026-05-31T14:18:20.836Z] >>> [apiv2][query] POST https://www.googleapis.com/oauth2/v3/token [none]
[debug] [2026-05-31T14:18:20.836Z] >>> [apiv2][body] POST https://www.googleapis.com/oauth2/v3/token [omitted]
[debug] [2026-05-31T14:18:20.857Z] [Firebase Plugin] VSCode notification server listening on port 40001
[info] [Firebase Plugin] Starting SQL Connect toolkit (version 3.4.9) on port 50001
[info] i  dataconnect: downloading dataconnect-emulator-3.4.9.exe... {"metadata":{"emulator":{"name":"dataconnect"},"message":"downloading dataconnect-emulator-3.4.9.exe..."}}
[debug] [2026-05-31T14:18:21.455Z] >>> [apiv2][query] GET https://storage.googleapis.com/firemat-preview-drop/emulator/dataconnect-emulator-windows-amd64-v3.4.9 
[debug] [2026-05-31T14:18:28.115Z] <<< [apiv2][status] GET https://storage.googleapis.com/firemat-preview-drop/emulator/dataconnect-emulator-windows-amd64-v3.4.9 200
[debug] [2026-05-31T14:18:28.116Z] <<< [apiv2][body] GET https://storage.googleapis.com/firemat-preview-drop/emulator/dataconnect-emulator-windows-amd64-v3.4.9 [stream]
[debug] [2026-05-31T14:18:32.083Z] <<< [apiv2][status] POST https://www.googleapis.com/oauth2/v3/token 200
[debug] [2026-05-31T14:18:32.084Z] <<< [apiv2][body] POST https://www.googleapis.com/oauth2/v3/token [omitted]
[debug] [2026-05-31T14:18:32.141Z] [Firebase Plugin] User found:  gcpadmin@jatayuhealth.com
[info] [Firebase Plugin] (Core:Project) New user detected, fetching projects
[debug] [2026-05-31T14:18:32.145Z] Checked if tokens are valid: true, expires at: 1780240711084
[debug] [2026-05-31T14:18:32.147Z] >>> [apiv2][query] GET https://firebase.googleapis.com/v1beta1/projects pageSize=1000
[debug] [2026-05-31T14:18:33.936Z] <<< [apiv2][status] GET https://firebase.googleapis.com/v1beta1/projects 200
[debug] [2026-05-31T14:18:33.937Z] <<< [apiv2][body] GET https://firebase.googleapis.com/v1beta1/projects [omitted]
[info] i  dataconnect: Removing outdated emulator files: dataconnect-emulator-1.8.5.exe {"metadata":{"emulator":{"name":"dataconnect"},"message":"Removing outdated emulator files: dataconnect-emulator-1.8.5.exe"}}
[debug] [2026-05-31T14:18:55.733Z] I0531 19:48:55.505282   20148 control.go:100] [projects/emulator/locations/emulator/services/jatayu-company-website-service 6a37] UpdateResources(): done
Main schema: sources: schema\schema.gql [11014B] 
Connector "default": sources: connector\mutations.gql [10946B] connector\queries.gql [7195B] 
 {"metadata":{"emulator":{"name":"dataconnect"},"message":"I0531 19:48:55.505282   20148 control.go:100] [projects/emulator/locations/emulator/services/jatayu-company-website-service 6a37] UpdateResources(): done\nMain schema: sources: schema\\schema.gql [11014B] \nConnector \"default\": sources: connector\\mutations.gql [10946B] connector\\queries.gql [7195B] \n"}}
[debug] [2026-05-31T14:18:55.738Z] Ignoring unsupported arg: auto_download {"metadata":{"emulator":{"name":"dataconnect"},"message":"Ignoring unsupported arg: auto_download"}}
[debug] [2026-05-31T14:18:55.739Z] Ignoring unsupported arg: port {"metadata":{"emulator":{"name":"dataconnect"},"message":"Ignoring unsupported arg: port"}}
[debug] [2026-05-31T14:18:55.740Z] Starting SQL Connect Emulator with command {"binary":"C:\\Users\\sridh\\.cache\\firebase\\emulators\\dataconnect-emulator-3.4.9.exe","args":["--logtostderr","-v=2","dev","--listen=localhost:50001","--config_dir=d:\\JatayuProducts\\website\\jatayu-web\\dataconnect","--enable_output_schema_extensions=true","--enable_output_generated_sdk=true"],"optionalArgs":["listen","config_dir","enable_output_schema_extensions","enable_output_generated_sdk"],"joinArgs":true,"shell":false,"port":9399} {"metadata":{"emulator":{"name":"dataconnect"},"message":"Starting SQL Connect Emulator with command {\"binary\":\"C:\\\\Users\\\\sridh\\\\.cache\\\\firebase\\\\emulators\\\\dataconnect-emulator-3.4.9.exe\",\"args\":[\"--logtostderr\",\"-v=2\",\"dev\",\"--listen=localhost:50001\",\"--config_dir=d:\\\\JatayuProducts\\\\website\\\\jatayu-web\\\\dataconnect\",\"--enable_output_schema_extensions=true\",\"--enable_output_generated_sdk=true\"],\"optionalArgs\":[\"listen\",\"config_dir\",\"enable_output_schema_extensions\",\"enable_output_generated_sdk\"],\"joinArgs\":true,\"shell\":false,\"port\":9399}"}}
[info] i  dataconnect: SQL Connect Emulator logging to dataconnect-debug.log {"metadata":{"emulator":{"name":"dataconnect"},"message":"SQL Connect Emulator logging to \u001b[1mdataconnect-debug.log\u001b[22m"}}
[debug] [2026-05-31T14:18:56.915Z] I0531 19:48:56.309985   14128 load.go:31] Reloading schema and connectors...
I0531 19:48:56.747410   14128 control.go:100] [projects/emulator/locations/emulator/services/jatayu-company-website-service d68c] UpdateResources(): done
Main schema: sources: schema\schema.gql [11014B] 
Connector "default": sources: connector\mutations.gql [10946B] connector\queries.gql [7195B] 
 {"metadata":{"emulator":{"name":"dataconnect"},"message":"I0531 19:48:56.309985   14128 load.go:31] Reloading schema and connectors...\nI0531 19:48:56.747410   14128 control.go:100] [projects/emulator/locations/emulator/services/jatayu-company-website-service d68c] UpdateResources(): done\nMain schema: sources: schema\\schema.gql [11014B] \nConnector \"default\": sources: connector\\mutations.gql [10946B] connector\\queries.gql [7195B] \n"}}
[debug] [2026-05-31T14:18:57.386Z] I0531 19:48:57.386858   14128 codegen.go:101] [connector "default" javascriptSdk] Generating sources into "d:\\JatayuProducts\\website\\jatayu-web\\dataconnect-generated\\js\\default-connector"
 {"metadata":{"emulator":{"name":"dataconnect"},"message":"I0531 19:48:57.386858   14128 codegen.go:101] [connector \"default\" javascriptSdk] Generating sources into \"d:\\\\JatayuProducts\\\\website\\\\jatayu-web\\\\dataconnect-generated\\\\js\\\\default-connector\"\n"}}
[debug] [2026-05-31T14:18:57.591Z] I0531 19:48:57.589437   14128 collector.go:107] schema extensions wrote into "d:\\JatayuProducts\\website\\jatayu-web\\dataconnect\\.dataconnect\\schema"
Generated sources: main\implicit.gql [9333B] main\input.gql [246465B] prelude.gql [84995B] main\relation.gql [118674B] main\query.gql [24964B] main\mutation.gql [67955B] 
 {"metadata":{"emulator":{"name":"dataconnect"},"message":"I0531 19:48:57.589437   14128 collector.go:107] schema extensions wrote into \"d:\\\\JatayuProducts\\\\website\\\\jatayu-web\\\\dataconnect\\\\.dataconnect\\\\schema\"\nGenerated sources: main\\implicit.gql [9333B] main\\input.gql [246465B] prelude.gql [84995B] main\\relation.gql [118674B] main\\query.gql [24964B] main\\mutation.gql [67955B] \n"}}
[debug] [2026-05-31T14:18:57.612Z] I0531 19:48:57.609438   14128 collector.go:107] connector "default" javascriptSdk wrote into "d:\\JatayuProducts\\website\\jatayu-web\\dataconnect-generated\\js\\default-connector"
Generated sources: react\package.json [468B] index.d.ts [56660B] react\index.d.ts [26401B] react\index.cjs.js [21194B] react\esm\index.esm.js [19941B] .guides/usage.md [4228B] .guides/setup.md [1690B] .guides/config.json [236B] esm\index.esm.js [31901B] esm\package.json [17B] index.cjs.js [35509B] package.json [861B] react\esm\package.json [17B] react\README.md [264760B] README.md [259043B] 
 {"metadata":{"emulator":{"name":"dataconnect"},"message":"I0531 19:48:57.609438   14128 collector.go:107] connector \"default\" javascriptSdk wrote into \"d:\\\\JatayuProducts\\\\website\\\\jatayu-web\\\\dataconnect-generated\\\\js\\\\default-connector\"\nGenerated sources: react\\package.json [468B] index.d.ts [56660B] react\\index.d.ts [26401B] react\\index.cjs.js [21194B] react\\esm\\index.esm.js [19941B] .guides/usage.md [4228B] .guides/setup.md [1690B] .guides/config.json [236B] esm\\index.esm.js [31901B] esm\\package.json [17B] index.cjs.js [35509B] package.json [861B] react\\esm\\package.json [17B] react\\README.md [264760B] README.md [259043B] \n"}}
[debug] [2026-05-31T14:18:57.843Z] I0531 19:48:57.839355   14128 installsdk.go:55] Package @firebasegen/default-connector is already installed. Skipping installation
I0531 19:48:57.839355   14128 load.go:109] Finished reloading
 {"metadata":{"emulator":{"name":"dataconnect"},"message":"I0531 19:48:57.839355   14128 installsdk.go:55] Package @firebasegen/default-connector is already installed. Skipping installation\nI0531 19:48:57.839355   14128 load.go:109] Finished reloading\n"}}
[debug] [2026-05-31T14:18:57.966Z] I0531 19:48:57.911322   14128 dev.go:104] Listening on address (HTTP + gRPC): 127.0.0.1:50001
 {"metadata":{"emulator":{"name":"dataconnect"},"message":"I0531 19:48:57.911322   14128 dev.go:104] Listening on address (HTTP + gRPC): 127.0.0.1:50001\n"}}
[debug] [2026-05-31T14:18:58.611Z] I0531 19:48:58.606487   14128 engine.go:209] [projects/emulator/locations/emulator/services/jatayu-company-website-service d68c] ExecuteGraphqlRead query IntrospectionQuery: succeeded. 
 {"metadata":{"emulator":{"name":"dataconnect"},"message":"I0531 19:48:58.606487   14128 engine.go:209] [projects/emulator/locations/emulator/services/jatayu-company-website-service d68c] ExecuteGraphqlRead query IntrospectionQuery: succeeded. \n"}}
[debug] [2026-05-31T14:19:01.703Z] [Firebase Plugin] Received CLI notification.
[debug] [2026-05-31T14:19:01.793Z] [Firebase Plugin] Received emulators shutdown notification.
[info] [Firebase Plugin] Stopping SQL Connect toolkit
[warn] !  SQL Connect Emulator has exited upon receiving signal: SIGINT 
[debug] [2026-05-31T14:23:17.391Z] [Firebase Plugin] Activating Firebase extension.
[debug] [2026-05-31T14:23:21.915Z] [Firebase Plugin] requireAuthWrapper
[debug] [2026-05-31T14:23:21.917Z] > command requires scopes: ["email","openid","https://www.googleapis.com/auth/cloudplatformprojects.readonly","https://www.googleapis.com/auth/firebase","https://www.googleapis.com/auth/cloud-platform"]
[debug] [2026-05-31T14:23:21.917Z] > authorizing via signed-in user (gcpadmin@jatayuhealth.com)
[debug] [2026-05-31T14:23:21.921Z] Checked if tokens are valid: true, expires at: 1780240711084
[debug] [2026-05-31T14:23:21.921Z] Checked if tokens are valid: true, expires at: 1780240711084
[debug] [2026-05-31T14:23:21.921Z] [Firebase Plugin] User found:  gcpadmin@jatayuhealth.com
[info] [Firebase Plugin] (Core:Project) New user detected, fetching projects
[debug] [2026-05-31T14:23:21.923Z] Checked if tokens are valid: true, expires at: 1780240711084
[debug] [2026-05-31T14:23:21.924Z] >>> [apiv2][query] GET https://firebase.googleapis.com/v1beta1/projects pageSize=1000
[debug] [2026-05-31T14:23:21.937Z] [Firebase Plugin] VSCode notification server listening on port 40001
[info] [Firebase Plugin] Starting SQL Connect toolkit (version 3.4.9) on port 50001
[info] i  dataconnect: downloading dataconnect-emulator-3.4.9.exe... {"metadata":{"emulator":{"name":"dataconnect"},"message":"downloading dataconnect-emulator-3.4.9.exe..."}}
[debug] [2026-05-31T14:23:22.416Z] >>> [apiv2][query] GET https://storage.googleapis.com/firemat-preview-drop/emulator/dataconnect-emulator-windows-amd64-v3.4.9 
[debug] [2026-05-31T14:23:22.705Z] <<< [apiv2][status] GET https://storage.googleapis.com/firemat-preview-drop/emulator/dataconnect-emulator-windows-amd64-v3.4.9 200
[debug] [2026-05-31T14:23:22.707Z] <<< [apiv2][body] GET https://storage.googleapis.com/firemat-preview-drop/emulator/dataconnect-emulator-windows-amd64-v3.4.9 [stream]
[debug] [2026-05-31T14:23:30.081Z] <<< [apiv2][status] GET https://firebase.googleapis.com/v1beta1/projects 200
[debug] [2026-05-31T14:23:30.082Z] <<< [apiv2][body] GET https://firebase.googleapis.com/v1beta1/projects [omitted]
[debug] [2026-05-31T14:23:49.403Z] I0531 19:53:49.274136   23044 control.go:100] [projects/emulator/locations/emulator/services/jatayu-company-website-service e71b] UpdateResources(): done
Main schema: sources: schema\schema.gql [11014B] 
Connector "default": sources: connector\mutations.gql [10946B] connector\queries.gql [7195B] 
 {"metadata":{"emulator":{"name":"dataconnect"},"message":"I0531 19:53:49.274136   23044 control.go:100] [projects/emulator/locations/emulator/services/jatayu-company-website-service e71b] UpdateResources(): done\nMain schema: sources: schema\\schema.gql [11014B] \nConnector \"default\": sources: connector\\mutations.gql [10946B] connector\\queries.gql [7195B] \n"}}
[debug] [2026-05-31T14:23:49.410Z] Ignoring unsupported arg: auto_download {"metadata":{"emulator":{"name":"dataconnect"},"message":"Ignoring unsupported arg: auto_download"}}
[debug] [2026-05-31T14:23:49.414Z] Ignoring unsupported arg: port {"metadata":{"emulator":{"name":"dataconnect"},"message":"Ignoring unsupported arg: port"}}
[debug] [2026-05-31T14:23:49.416Z] Starting SQL Connect Emulator with command {"binary":"C:\\Users\\sridh\\.cache\\firebase\\emulators\\dataconnect-emulator-3.4.9.exe","args":["--logtostderr","-v=2","dev","--listen=localhost:50001","--config_dir=d:\\JatayuProducts\\website\\jatayu-web\\dataconnect","--enable_output_schema_extensions=true","--enable_output_generated_sdk=true"],"optionalArgs":["listen","config_dir","enable_output_schema_extensions","enable_output_generated_sdk"],"joinArgs":true,"shell":false,"port":9399} {"metadata":{"emulator":{"name":"dataconnect"},"message":"Starting SQL Connect Emulator with command {\"binary\":\"C:\\\\Users\\\\sridh\\\\.cache\\\\firebase\\\\emulators\\\\dataconnect-emulator-3.4.9.exe\",\"args\":[\"--logtostderr\",\"-v=2\",\"dev\",\"--listen=localhost:50001\",\"--config_dir=d:\\\\JatayuProducts\\\\website\\\\jatayu-web\\\\dataconnect\",\"--enable_output_schema_extensions=true\",\"--enable_output_generated_sdk=true\"],\"optionalArgs\":[\"listen\",\"config_dir\",\"enable_output_schema_extensions\",\"enable_output_generated_sdk\"],\"joinArgs\":true,\"shell\":false,\"port\":9399}"}}
[info] i  dataconnect: SQL Connect Emulator logging to dataconnect-debug.log {"metadata":{"emulator":{"name":"dataconnect"},"message":"SQL Connect Emulator logging to \u001b[1mdataconnect-debug.log\u001b[22m"}}
[debug] [2026-05-31T14:23:49.665Z] I0531 19:53:49.664031    2672 load.go:31] Reloading schema and connectors...
 {"metadata":{"emulator":{"name":"dataconnect"},"message":"I0531 19:53:49.664031    2672 load.go:31] Reloading schema and connectors...\n"}}
[debug] [2026-05-31T14:23:49.867Z] I0531 19:53:49.866815    2672 control.go:100] [projects/emulator/locations/emulator/services/jatayu-company-website-service bea2] UpdateResources(): done
Main schema: sources: schema\schema.gql [11014B] 
Connector "default": sources: connector\mutations.gql [10946B] connector\queries.gql [7195B] 
 {"metadata":{"emulator":{"name":"dataconnect"},"message":"I0531 19:53:49.866815    2672 control.go:100] [projects/emulator/locations/emulator/services/jatayu-company-website-service bea2] UpdateResources(): done\nMain schema: sources: schema\\schema.gql [11014B] \nConnector \"default\": sources: connector\\mutations.gql [10946B] connector\\queries.gql [7195B] \n"}}
[debug] [2026-05-31T14:23:50.075Z] I0531 19:53:50.074463    2672 codegen.go:101] [connector "default" javascriptSdk] Generating sources into "d:\\JatayuProducts\\website\\jatayu-web\\dataconnect-generated\\js\\default-connector"
 {"metadata":{"emulator":{"name":"dataconnect"},"message":"I0531 19:53:50.074463    2672 codegen.go:101] [connector \"default\" javascriptSdk] Generating sources into \"d:\\\\JatayuProducts\\\\website\\\\jatayu-web\\\\dataconnect-generated\\\\js\\\\default-connector\"\n"}}
[debug] [2026-05-31T14:23:50.217Z] I0531 19:53:50.216715    2672 collector.go:107] schema extensions wrote into "d:\\JatayuProducts\\website\\jatayu-web\\dataconnect\\.dataconnect\\schema"
Generated sources: main\relation.gql [118674B] main\query.gql [24964B] main\mutation.gql [67955B] main\implicit.gql [9333B] main\input.gql [246465B] prelude.gql [84995B] 
 {"metadata":{"emulator":{"name":"dataconnect"},"message":"I0531 19:53:50.216715    2672 collector.go:107] schema extensions wrote into \"d:\\\\JatayuProducts\\\\website\\\\jatayu-web\\\\dataconnect\\\\.dataconnect\\\\schema\"\nGenerated sources: main\\relation.gql [118674B] main\\query.gql [24964B] main\\mutation.gql [67955B] main\\implicit.gql [9333B] main\\input.gql [246465B] prelude.gql [84995B] \n"}}
[debug] [2026-05-31T14:23:50.243Z] I0531 19:53:50.236251    2672 collector.go:107] connector "default" javascriptSdk wrote into "d:\\JatayuProducts\\website\\jatayu-web\\dataconnect-generated\\js\\default-connector"
Generated sources: package.json [861B] react\esm\package.json [17B] react\index.cjs.js [21194B] react\esm\index.esm.js [19941B] esm\index.esm.js [31901B] index.cjs.js [35509B] react\index.d.ts [26401B] react\README.md [264760B] .guides/config.json [236B] esm\package.json [17B] README.md [259043B] .guides/usage.md [4092B] index.d.ts [56660B] react\package.json [468B] .guides/setup.md [1690B] 
 {"metadata":{"emulator":{"name":"dataconnect"},"message":"I0531 19:53:50.236251    2672 collector.go:107] connector \"default\" javascriptSdk wrote into \"d:\\\\JatayuProducts\\\\website\\\\jatayu-web\\\\dataconnect-generated\\\\js\\\\default-connector\"\nGenerated sources: package.json [861B] react\\esm\\package.json [17B] react\\index.cjs.js [21194B] react\\esm\\index.esm.js [19941B] esm\\index.esm.js [31901B] index.cjs.js [35509B] react\\index.d.ts [26401B] react\\README.md [264760B] .guides/config.json [236B] esm\\package.json [17B] README.md [259043B] .guides/usage.md [4092B] index.d.ts [56660B] react\\package.json [468B] .guides/setup.md [1690B] \n"}}
[debug] [2026-05-31T14:23:50.260Z] I0531 19:53:50.255567    2672 installsdk.go:55] Package @firebasegen/default-connector is already installed. Skipping installation
I0531 19:53:50.255567    2672 load.go:109] Finished reloading
 {"metadata":{"emulator":{"name":"dataconnect"},"message":"I0531 19:53:50.255567    2672 installsdk.go:55] Package @firebasegen/default-connector is already installed. Skipping installation\nI0531 19:53:50.255567    2672 load.go:109] Finished reloading\n"}}
[debug] [2026-05-31T14:23:50.544Z] I0531 19:53:50.462385    2672 dev.go:104] Listening on address (HTTP + gRPC): 127.0.0.1:50001
 {"metadata":{"emulator":{"name":"dataconnect"},"message":"I0531 19:53:50.462385    2672 dev.go:104] Listening on address (HTTP + gRPC): 127.0.0.1:50001\n"}}
[debug] [2026-05-31T14:23:50.780Z] I0531 19:53:50.775153    2672 engine.go:209] [projects/emulator/locations/emulator/services/jatayu-company-website-service bea2] ExecuteGraphqlRead query IntrospectionQuery: succeeded. 
 {"metadata":{"emulator":{"name":"dataconnect"},"message":"I0531 19:53:50.775153    2672 engine.go:209] [projects/emulator/locations/emulator/services/jatayu-company-website-service bea2] ExecuteGraphqlRead query IntrospectionQuery: succeeded. \n"}}
[debug] [2026-05-31T14:26:20.301Z] I0531 19:56:20.302527    2672 load.go:31] Reloading schema and connectors...
 {"metadata":{"emulator":{"name":"dataconnect"},"message":"I0531 19:56:20.302527    2672 load.go:31] Reloading schema and connectors...\n"}}
[debug] [2026-05-31T14:26:20.307Z] W0531 19:56:20.307872    2672 control.go:74] [projects/emulator/locations/emulator/services/jatayu-company-website-instance 305c] connector "default" has errors: connector\mutations.gql:32:4: Cannot query field "lead_insert" on type "Mutation".
connector\mutations.gql:51:4: Cannot query field "lead_update" on type "Mutation".
connector\mutations.gql:55:4: Cannot query field "lead_delete" on type "Mutation".
connector\mutations.gql:73:4: Cannot query field "media_insert" on type "Mutation".
connector\mutations.gql:91:4: Cannot query field "media_delete" on type "Mutation".
connector\mutations.gql:107:4: Cannot query field "post_insert" on type "Mutation".
connector\mutations.gql:133:4: Cannot query field "post_update" on type "Mutation".
connector\mutations.gql:149:4: Cannot query field "post_delete" on type "Mutation".
connector\mutations.gql:163:4: Cannot query field "product_insert" on type "Mutation".
connector\mutations.gql:184:4: Cannot query field "product_update" on type "Mutation".
connector\mutations.gql:191:4: Cannot query field "product_delete" on type "Mutation".
connector\mutations.gql:195:4: Cannot query field "productIntroParagraph_insert" on type "Mutation".
connector\mutations.gql:199:4: Cannot query field "productDeploymentMode_insert" on type "Mutation".
connector\mutations.gql:214:4: Cannot query field "useCase_insert" on type "Mutation".
connector\mutations.gql:229:4: Cannot query field "useCase_update" on type "Mutation".
connector\mutations.gql:233:4: Cannot query field "useCase_delete" on type "Mutation".
connector\mutations.gql:237:4: Cannot query field "useCaseIntroParagraph_insert" on type "Mutation".
connector\mutations.gql:247:4: Cannot query field "useCaseSection_insert" on type "Mutation".
connector\mutations.gql:251:4: Cannot query field "useCaseSectionBullet_insert" on type "Mutation".
connector\mutations.gql:265:4: Cannot query field "teamMember_insert" on type "Mutation".
connector\mutations.gql:279:4: Cannot query field "teamMember_update" on type "Mutation".
connector\mutations.gql:283:4: Cannot query field "teamMember_delete" on type "Mutation".
connector\mutations.gql:297:4: Cannot query field "specialty_insert" on type "Mutation".
connector\mutations.gql:303:4: Cannot query field "specialty_delete" on type "Mutation".
connector\mutations.gql:319:4: Cannot query field "caseStudy_insert" on type "Mutation".
connector\mutations.gql:335:4: Cannot query field "caseStudy_delete" on type "Mutation".
connector\mutations.gql:348:4: Cannot query field "testimonial_insert" on type "Mutation".
connector\mutations.gql:354:4: Cannot query field "testimonial_delete" on type "Mutation".
connector\mutations.gql:360:4: Cannot query field "award_insert" on type "Mutation".
connector\mutations.gql:364:4: Cannot query field "award_delete" on type "Mutation".
connector\mutations.gql:370:4: Cannot query field "homeFaq_insert" on type "Mutation".
connector\mutations.gql:374:4: Cannot query field "homeFaq_delete" on type "Mutation".
connector\mutations.gql:387:4: Cannot query field "trialEmail_insert" on type "Mutation".
connector\mutations.gql:393:4: Cannot query field "trialEmailParagraph_insert" on type "Mutation".
connector\mutations.gql:397:4: Cannot query field "trialEmail_delete" on type "Mutation".
connector\queries.gql:19:4: Cannot query field "posts" on type "Query".
connector\queries.gql:36:4: Cannot query field "posts" on type "Query".
connector\queries.gql:55:4: Cannot query field "products" on type "Query".
connector\queries.gql:68:4: Cannot query field "products" on type "Query".
connector\queries.gql:86:4: Cannot query field "productIntroParagraphs" on type "Query".
connector\queries.gql:94:4: Cannot query field "productDeploymentModes" on type "Query".
connector\queries.gql:105:4: Cannot query field "useCases" on type "Query".
connector\queries.gql:122:4: Cannot query field "useCases" on type "Query".
connector\queries.gql:139:4: Cannot query field "useCaseSections" on type "Query".
connector\queries.gql:149:4: Cannot query field "useCaseSectionBullets" on type "Query".
connector\queries.gql:159:4: Cannot query field "teamMembers" on type "Query".
connector\queries.gql:175:4: Cannot query field "specialties" on type "Query".
connector\queries.gql:191:4: Cannot query field "caseStudies" on type "Query".
connector\queries.gql:208:4: Cannot query field "caseStudies" on type "Query".
connector\queries.gql:229:4: Cannot query field "testimonials" on type "Query".
connector\queries.gql:241:4: Cannot query field "awards" on type "Query".
connector\queries.gql:256:4: Cannot query field "homeFaqs" on type "Query".
connector\queries.gql:267:4: Cannot query field "trialEmails" on type "Query".
connector\queries.gql:279:4: Cannot query field "trialEmailParagraphs" on type "Query".
connector\queries.gql:289:4: Cannot query field "leads" on type "Query".
connector\queries.gql:306:4: Cannot query field "leads" on type "Query".

sources: connector\mutations.gql [10946B] connector\queries.gql [7195B] 
I0531 19:56:20.307872    2672 control.go:100] [projects/emulator/locations/emulator/services/jatayu-company-website-instance 305c] UpdateResources(): done
Main schema: sources: schema\schema.gql [2088B] 
Connector "default": sources: connector\mutations.gql [10946B] connector\queries.gql [7195B] 
 {"metadata":{"emulator":{"name":"dataconnect"},"message":"W0531 19:56:20.307872    2672 control.go:74] [projects/emulator/locations/emulator/services/jatayu-company-website-instance 305c] connector \"default\" has errors: connector\\mutations.gql:32:4: Cannot query field \"lead_insert\" on type \"Mutation\".\nconnector\\mutations.gql:51:4: Cannot query field \"lead_update\" on type \"Mutation\".\nconnector\\mutations.gql:55:4: Cannot query field \"lead_delete\" on type \"Mutation\".\nconnector\\mutations.gql:73:4: Cannot query field \"media_insert\" on type \"Mutation\".\nconnector\\mutations.gql:91:4: Cannot query field \"media_delete\" on type \"Mutation\".\nconnector\\mutations.gql:107:4: Cannot query field \"post_insert\" on type \"Mutation\".\nconnector\\mutations.gql:133:4: Cannot query field \"post_update\" on type \"Mutation\".\nconnector\\mutations.gql:149:4: Cannot query field \"post_delete\" on type \"Mutation\".\nconnector\\mutations.gql:163:4: Cannot query field \"product_insert\" on type \"Mutation\".\nconnector\\mutations.gql:184:4: Cannot query field \"product_update\" on type \"Mutation\".\nconnector\\mutations.gql:191:4: Cannot query field \"product_delete\" on type \"Mutation\".\nconnector\\mutations.gql:195:4: Cannot query field \"productIntroParagraph_insert\" on type \"Mutation\".\nconnector\\mutations.gql:199:4: Cannot query field \"productDeploymentMode_insert\" on type \"Mutation\".\nconnector\\mutations.gql:214:4: Cannot query field \"useCase_insert\" on type \"Mutation\".\nconnector\\mutations.gql:229:4: Cannot query field \"useCase_update\" on type \"Mutation\".\nconnector\\mutations.gql:233:4: Cannot query field \"useCase_delete\" on type \"Mutation\".\nconnector\\mutations.gql:237:4: Cannot query field \"useCaseIntroParagraph_insert\" on type \"Mutation\".\nconnector\\mutations.gql:247:4: Cannot query field \"useCaseSection_insert\" on type \"Mutation\".\nconnector\\mutations.gql:251:4: Cannot query field \"useCaseSectionBullet_insert\" on type \"Mutation\".\nconnector\\mutations.gql:265:4: Cannot query field \"teamMember_insert\" on type \"Mutation\".\nconnector\\mutations.gql:279:4: Cannot query field \"teamMember_update\" on type \"Mutation\".\nconnector\\mutations.gql:283:4: Cannot query field \"teamMember_delete\" on type \"Mutation\".\nconnector\\mutations.gql:297:4: Cannot query field \"specialty_insert\" on type \"Mutation\".\nconnector\\mutations.gql:303:4: Cannot query field \"specialty_delete\" on type \"Mutation\".\nconnector\\mutations.gql:319:4: Cannot query field \"caseStudy_insert\" on type \"Mutation\".\nconnector\\mutations.gql:335:4: Cannot query field \"caseStudy_delete\" on type \"Mutation\".\nconnector\\mutations.gql:348:4: Cannot query field \"testimonial_insert\" on type \"Mutation\".\nconnector\\mutations.gql:354:4: Cannot query field \"testimonial_delete\" on type \"Mutation\".\nconnector\\mutations.gql:360:4: Cannot query field \"award_insert\" on type \"Mutation\".\nconnector\\mutations.gql:364:4: Cannot query field \"award_delete\" on type \"Mutation\".\nconnector\\mutations.gql:370:4: Cannot query field \"homeFaq_insert\" on type \"Mutation\".\nconnector\\mutations.gql:374:4: Cannot query field \"homeFaq_delete\" on type \"Mutation\".\nconnector\\mutations.gql:387:4: Cannot query field \"trialEmail_insert\" on type \"Mutation\".\nconnector\\mutations.gql:393:4: Cannot query field \"trialEmailParagraph_insert\" on type \"Mutation\".\nconnector\\mutations.gql:397:4: Cannot query field \"trialEmail_delete\" on type \"Mutation\".\nconnector\\queries.gql:19:4: Cannot query field \"posts\" on type \"Query\".\nconnector\\queries.gql:36:4: Cannot query field \"posts\" on type \"Query\".\nconnector\\queries.gql:55:4: Cannot query field \"products\" on type \"Query\".\nconnector\\queries.gql:68:4: Cannot query field \"products\" on type \"Query\".\nconnector\\queries.gql:86:4: Cannot query field \"productIntroParagraphs\" on type \"Query\".\nconnector\\queries.gql:94:4: Cannot query field \"productDeploymentModes\" on type \"Query\".\nconnector\\queries.gql:105:4: Cannot query field \"useCases\" on type \"Query\".\nconnector\\queries.gql:122:4: Cannot query field \"useCases\" on type \"Query\".\nconnector\\queries.gql:139:4: Cannot query field \"useCaseSections\" on type \"Query\".\nconnector\\queries.gql:149:4: Cannot query field \"useCaseSectionBullets\" on type \"Query\".\nconnector\\queries.gql:159:4: Cannot query field \"teamMembers\" on type \"Query\".\nconnector\\queries.gql:175:4: Cannot query field \"specialties\" on type \"Query\".\nconnector\\queries.gql:191:4: Cannot query field \"caseStudies\" on type \"Query\".\nconnector\\queries.gql:208:4: Cannot query field \"caseStudies\" on type \"Query\".\nconnector\\queries.gql:229:4: Cannot query field \"testimonials\" on type \"Query\".\nconnector\\queries.gql:241:4: Cannot query field \"awards\" on type \"Query\".\nconnector\\queries.gql:256:4: Cannot query field \"homeFaqs\" on type \"Query\".\nconnector\\queries.gql:267:4: Cannot query field \"trialEmails\" on type \"Query\".\nconnector\\queries.gql:279:4: Cannot query field \"trialEmailParagraphs\" on type \"Query\".\nconnector\\queries.gql:289:4: Cannot query field \"leads\" on type \"Query\".\nconnector\\queries.gql:306:4: Cannot query field \"leads\" on type \"Query\".\n\nsources: connector\\mutations.gql [10946B] connector\\queries.gql [7195B] \nI0531 19:56:20.307872    2672 control.go:100] [projects/emulator/locations/emulator/services/jatayu-company-website-instance 305c] UpdateResources(): done\nMain schema: sources: schema\\schema.gql [2088B] \nConnector \"default\": sources: connector\\mutations.gql [10946B] connector\\queries.gql [7195B] \n"}}
[debug] [2026-05-31T14:26:20.309Z] E0531 19:56:20.307872    2672 load.go:73] Could not load sources: 
Errors: connector\mutations.gql:32:4: Cannot query field "lead_insert" on type "Mutation".
connector\mutations.gql:51:4: Cannot query field "lead_update" on type "Mutation".
connector\mutations.gql:55:4: Cannot query field "lead_delete" on type "Mutation".
connector\mutations.gql:73:4: Cannot query field "media_insert" on type "Mutation".
connector\mutations.gql:91:4: Cannot query field "media_delete" on type "Mutation".
connector\mutations.gql:107:4: Cannot query field "post_insert" on type "Mutation".
connector\mutations.gql:133:4: Cannot query field "post_update" on type "Mutation".
connector\mutations.gql:149:4: Cannot query field "post_delete" on type "Mutation".
connector\mutations.gql:163:4: Cannot query field "product_insert" on type "Mutation".
connector\mutations.gql:184:4: Cannot query field "product_update" on type "Mutation".
connector\mutations.gql:191:4: Cannot query field "product_delete" on type "Mutation".
connector\mutations.gql:195:4: Cannot query field "productIntroParagraph_insert" on type "Mutation".
connector\mutations.gql:199:4: Cannot query field "productDeploymentMode_insert" on type "Mutation".
connector\mutations.gql:214:4: Cannot query field "useCase_insert" on type "Mutation".
connector\mutations.gql:229:4: Cannot query field "useCase_update" on type "Mutation".
connector\mutations.gql:233:4: Cannot query field "useCase_delete" on type "Mutation".
connector\mutations.gql:237:4: Cannot query field "useCaseIntroParagraph_insert" on type "Mutation".
connector\mutations.gql:247:4: Cannot query field "useCaseSection_insert" on type "Mutation".
connector\mutations.gql:251:4: Cannot query field "useCaseSectionBullet_insert" on type "Mutation".
connector\mutations.gql:265:4: Cannot query field "teamMember_insert" on type "Mutation".
connector\mutations.gql:279:4: Cannot query field "teamMember_update" on type "Mutation".
connector\mutations.gql:283:4: Cannot query field "teamMember_delete" on type "Mutation".
connector\mutations.gql:297:4: Cannot query field "specialty_insert" on type "Mutation".
connector\mutations.gql:303:4: Cannot query field "specialty_delete" on type "Mutation".
connector\mutations.gql:319:4: Cannot query field "caseStudy_insert" on type "Mutation".
connector\mutations.gql:335:4: Cannot query field "caseStudy_delete" on type "Mutation".
connector\mutations.gql:348:4: Cannot query field "testimonial_insert" on type "Mutation".
connector\mutations.gql:354:4: Cannot query field "testimonial_delete" on type "Mutation".
connector\mutations.gql:360:4: Cannot query field "award_insert" on type "Mutation".
connector\mutations.gql:364:4: Cannot query field "award_delete" on type "Mutation".
connector\mutations.gql:370:4: Cannot query field "homeFaq_insert" on type "Mutation".
connector\mutations.gql:374:4: Cannot query field "homeFaq_delete" on type "Mutation".
connector\mutations.gql:387:4: Cannot query field "trialEmail_insert" on type "Mutation".
connector\mutations.gql:393:4: Cannot query field "trialEmailParagraph_insert" on type "Mutation".
connector\mutations.gql:397:4: Cannot query field "trialEmail_delete" on type "Mutation".
connector\queries.gql:19:4: Cannot query field "posts" on type "Query".
connector\queries.gql:36:4: Cannot query field "posts" on type "Query".
connector\queries.gql:55:4: Cannot query field "products" on type "Query".
connector\queries.gql:68:4: Cannot query field "products" on type "Query".
connector\queries.gql:86:4: Cannot query field "productIntroParagraphs" on type "Query".
connector\queries.gql:94:4: Cannot query field "productDeploymentModes" on type "Query".
connector\queries.gql:105:4: Cannot query field "useCases" on type "Query".
connector\queries.gql:122:4: Cannot query field "useCases" on type "Query".
connector\queries.gql:139:4: Cannot query field "useCaseSections" on type "Query".
connector\queries.gql:149:4: Cannot query field "useCaseSectionBullets" on type "Query".
connector\queries.gql:159:4: Cannot query field "teamMembers" on type "Query".
connector\queries.gql:175:4: Cannot query field "specialties" on type "Query".
connector\queries.gql:191:4: Cannot query field "caseStudies" on type "Query".
connector\queries.gql:208:4: Cannot query field "caseStudies" on type "Query".
connector\queries.gql:229:4: Cannot query field "testimonials" on type "Query".
connector\queries.gql:241:4: Cannot query field "awards" on type "Query".
connector\queries.gql:256:4: Cannot query field "homeFaqs" on type "Query".
connector\queries.gql:267:4: Cannot query field "trialEmails" on type "Query".
connector\queries.gql:279:4: Cannot query field "trialEmailParagraphs" on type "Query".
connector\queries.gql:289:4: Cannot query field "leads" on type "Query".
connector\queries.gql:306:4: Cannot query field "leads" on type "Query".
I0531 19:56:20.308979    2672 collector.go:107] schema extensions wrote into "d:\\JatayuProducts\\website\\jatayu-web\\dataconnect\\.dataconnect\\schema"
Generated sources: prelude.gql [84995B] 
 {"metadata":{"emulator":{"name":"dataconnect"},"message":"E0531 19:56:20.307872    2672 load.go:73] Could not load sources: \nErrors: connector\\mutations.gql:32:4: Cannot query field \"lead_insert\" on type \"Mutation\".\nconnector\\mutations.gql:51:4: Cannot query field \"lead_update\" on type \"Mutation\".\nconnector\\mutations.gql:55:4: Cannot query field \"lead_delete\" on type \"Mutation\".\nconnector\\mutations.gql:73:4: Cannot query field \"media_insert\" on type \"Mutation\".\nconnector\\mutations.gql:91:4: Cannot query field \"media_delete\" on type \"Mutation\".\nconnector\\mutations.gql:107:4: Cannot query field \"post_insert\" on type \"Mutation\".\nconnector\\mutations.gql:133:4: Cannot query field \"post_update\" on type \"Mutation\".\nconnector\\mutations.gql:149:4: Cannot query field \"post_delete\" on type \"Mutation\".\nconnector\\mutations.gql:163:4: Cannot query field \"product_insert\" on type \"Mutation\".\nconnector\\mutations.gql:184:4: Cannot query field \"product_update\" on type \"Mutation\".\nconnector\\mutations.gql:191:4: Cannot query field \"product_delete\" on type \"Mutation\".\nconnector\\mutations.gql:195:4: Cannot query field \"productIntroParagraph_insert\" on type \"Mutation\".\nconnector\\mutations.gql:199:4: Cannot query field \"productDeploymentMode_insert\" on type \"Mutation\".\nconnector\\mutations.gql:214:4: Cannot query field \"useCase_insert\" on type \"Mutation\".\nconnector\\mutations.gql:229:4: Cannot query field \"useCase_update\" on type \"Mutation\".\nconnector\\mutations.gql:233:4: Cannot query field \"useCase_delete\" on type \"Mutation\".\nconnector\\mutations.gql:237:4: Cannot query field \"useCaseIntroParagraph_insert\" on type \"Mutation\".\nconnector\\mutations.gql:247:4: Cannot query field \"useCaseSection_insert\" on type \"Mutation\".\nconnector\\mutations.gql:251:4: Cannot query field \"useCaseSectionBullet_insert\" on type \"Mutation\".\nconnector\\mutations.gql:265:4: Cannot query field \"teamMember_insert\" on type \"Mutation\".\nconnector\\mutations.gql:279:4: Cannot query field \"teamMember_update\" on type \"Mutation\".\nconnector\\mutations.gql:283:4: Cannot query field \"teamMember_delete\" on type \"Mutation\".\nconnector\\mutations.gql:297:4: Cannot query field \"specialty_insert\" on type \"Mutation\".\nconnector\\mutations.gql:303:4: Cannot query field \"specialty_delete\" on type \"Mutation\".\nconnector\\mutations.gql:319:4: Cannot query field \"caseStudy_insert\" on type \"Mutation\".\nconnector\\mutations.gql:335:4: Cannot query field \"caseStudy_delete\" on type \"Mutation\".\nconnector\\mutations.gql:348:4: Cannot query field \"testimonial_insert\" on type \"Mutation\".\nconnector\\mutations.gql:354:4: Cannot query field \"testimonial_delete\" on type \"Mutation\".\nconnector\\mutations.gql:360:4: Cannot query field \"award_insert\" on type \"Mutation\".\nconnector\\mutations.gql:364:4: Cannot query field \"award_delete\" on type \"Mutation\".\nconnector\\mutations.gql:370:4: Cannot query field \"homeFaq_insert\" on type \"Mutation\".\nconnector\\mutations.gql:374:4: Cannot query field \"homeFaq_delete\" on type \"Mutation\".\nconnector\\mutations.gql:387:4: Cannot query field \"trialEmail_insert\" on type \"Mutation\".\nconnector\\mutations.gql:393:4: Cannot query field \"trialEmailParagraph_insert\" on type \"Mutation\".\nconnector\\mutations.gql:397:4: Cannot query field \"trialEmail_delete\" on type \"Mutation\".\nconnector\\queries.gql:19:4: Cannot query field \"posts\" on type \"Query\".\nconnector\\queries.gql:36:4: Cannot query field \"posts\" on type \"Query\".\nconnector\\queries.gql:55:4: Cannot query field \"products\" on type \"Query\".\nconnector\\queries.gql:68:4: Cannot query field \"products\" on type \"Query\".\nconnector\\queries.gql:86:4: Cannot query field \"productIntroParagraphs\" on type \"Query\".\nconnector\\queries.gql:94:4: Cannot query field \"productDeploymentModes\" on type \"Query\".\nconnector\\queries.gql:105:4: Cannot query field \"useCases\" on type \"Query\".\nconnector\\queries.gql:122:4: Cannot query field \"useCases\" on type \"Query\".\nconnector\\queries.gql:139:4: Cannot query field \"useCaseSections\" on type \"Query\".\nconnector\\queries.gql:149:4: Cannot query field \"useCaseSectionBullets\" on type \"Query\".\nconnector\\queries.gql:159:4: Cannot query field \"teamMembers\" on type \"Query\".\nconnector\\queries.gql:175:4: Cannot query field \"specialties\" on type \"Query\".\nconnector\\queries.gql:191:4: Cannot query field \"caseStudies\" on type \"Query\".\nconnector\\queries.gql:208:4: Cannot query field \"caseStudies\" on type \"Query\".\nconnector\\queries.gql:229:4: Cannot query field \"testimonials\" on type \"Query\".\nconnector\\queries.gql:241:4: Cannot query field \"awards\" on type \"Query\".\nconnector\\queries.gql:256:4: Cannot query field \"homeFaqs\" on type \"Query\".\nconnector\\queries.gql:267:4: Cannot query field \"trialEmails\" on type \"Query\".\nconnector\\queries.gql:279:4: Cannot query field \"trialEmailParagraphs\" on type \"Query\".\nconnector\\queries.gql:289:4: Cannot query field \"leads\" on type \"Query\".\nconnector\\queries.gql:306:4: Cannot query field \"leads\" on type \"Query\".\nI0531 19:56:20.308979    2672 collector.go:107] schema extensions wrote into \"d:\\\\JatayuProducts\\\\website\\\\jatayu-web\\\\dataconnect\\\\.dataconnect\\\\schema\"\nGenerated sources: prelude.gql [84995B] \n"}}
[debug] [2026-05-31T14:26:20.311Z] I0531 19:56:20.310188    2672 collector.go:114] schema extensions deleted obsolete file "d:\\JatayuProducts\\website\\jatayu-web\\dataconnect\\.dataconnect\\schema\\main\\implicit.gql"
I0531 19:56:20.311214    2672 collector.go:114] schema extensions deleted obsolete file "d:\\JatayuProducts\\website\\jatayu-web\\dataconnect\\.dataconnect\\schema\\main\\input.gql"
I0531 19:56:20.311214    2672 collector.go:114] schema extensions deleted obsolete file "d:\\JatayuProducts\\website\\jatayu-web\\dataconnect\\.dataconnect\\schema\\main\\mutation.gql"
I0531 19:56:20.311214    2672 collector.go:114] schema extensions deleted obsolete file "d:\\JatayuProducts\\website\\jatayu-web\\dataconnect\\.dataconnect\\schema\\main\\query.gql"
I0531 19:56:20.311214    2672 collector.go:114] schema extensions deleted obsolete file "d:\\JatayuProducts\\website\\jatayu-web\\dataconnect\\.dataconnect\\schema\\main\\relation.gql"
I0531 19:56:20.311214    2672 load.go:74] Finished reloading
 {"metadata":{"emulator":{"name":"dataconnect"},"message":"I0531 19:56:20.310188    2672 collector.go:114] schema extensions deleted obsolete file \"d:\\\\JatayuProducts\\\\website\\\\jatayu-web\\\\dataconnect\\\\.dataconnect\\\\schema\\\\main\\\\implicit.gql\"\nI0531 19:56:20.311214    2672 collector.go:114] schema extensions deleted obsolete file \"d:\\\\JatayuProducts\\\\website\\\\jatayu-web\\\\dataconnect\\\\.dataconnect\\\\schema\\\\main\\\\input.gql\"\nI0531 19:56:20.311214    2672 collector.go:114] schema extensions deleted obsolete file \"d:\\\\JatayuProducts\\\\website\\\\jatayu-web\\\\dataconnect\\\\.dataconnect\\\\schema\\\\main\\\\mutation.gql\"\nI0531 19:56:20.311214    2672 collector.go:114] schema extensions deleted obsolete file \"d:\\\\JatayuProducts\\\\website\\\\jatayu-web\\\\dataconnect\\\\.dataconnect\\\\schema\\\\main\\\\query.gql\"\nI0531 19:56:20.311214    2672 collector.go:114] schema extensions deleted obsolete file \"d:\\\\JatayuProducts\\\\website\\\\jatayu-web\\\\dataconnect\\\\.dataconnect\\\\schema\\\\main\\\\relation.gql\"\nI0531 19:56:20.311214    2672 load.go:74] Finished reloading\n"}}
[debug] [2026-05-31T14:26:30.301Z] I0531 19:56:30.302572    2672 load.go:31] Reloading schema and connectors...
 {"metadata":{"emulator":{"name":"dataconnect"},"message":"I0531 19:56:30.302572    2672 load.go:31] Reloading schema and connectors...\n"}}
[debug] [2026-05-31T14:26:30.305Z] I0531 19:56:30.306363    2672 control.go:100] [projects/emulator/locations/emulator/services/jatayu-company-website-instance a170] UpdateResources(): done
Main schema: sources: schema\schema.gql [2088B] 
Connector "default": sources: connector\mutations.gql [1233B] connector\queries.gql [1802B] 
 {"metadata":{"emulator":{"name":"dataconnect"},"message":"I0531 19:56:30.306363    2672 control.go:100] [projects/emulator/locations/emulator/services/jatayu-company-website-instance a170] UpdateResources(): done\nMain schema: sources: schema\\schema.gql [2088B] \nConnector \"default\": sources: connector\\mutations.gql [1233B] connector\\queries.gql [1802B] \n"}}
[debug] [2026-05-31T14:26:30.309Z] I0531 19:56:30.309805    2672 collector.go:107] schema extensions wrote into "d:\\JatayuProducts\\website\\jatayu-web\\dataconnect\\.dataconnect\\schema"
Generated sources: prelude.gql [84995B] 
I0531 19:56:30.309805    2672 load.go:109] Finished reloading
 {"metadata":{"emulator":{"name":"dataconnect"},"message":"I0531 19:56:30.309805    2672 collector.go:107] schema extensions wrote into \"d:\\\\JatayuProducts\\\\website\\\\jatayu-web\\\\dataconnect\\\\.dataconnect\\\\schema\"\nGenerated sources: prelude.gql [84995B] \nI0531 19:56:30.309805    2672 load.go:109] Finished reloading\n"}}
[debug] [2026-05-31T14:26:40.302Z] I0531 19:56:40.303218    2672 load.go:31] Reloading schema and connectors...
 {"metadata":{"emulator":{"name":"dataconnect"},"message":"I0531 19:56:40.303218    2672 load.go:31] Reloading schema and connectors...\n"}}
[debug] [2026-05-31T14:26:40.306Z] I0531 19:56:40.306628    2672 codegen.go:101] [connector "default" javascriptSdk] Generating sources into "d:\\JatayuProducts\\website\\jatayu-web\\dataconnect-generated\\js\\default-connector"
 {"metadata":{"emulator":{"name":"dataconnect"},"message":"I0531 19:56:40.306628    2672 codegen.go:101] [connector \"default\" javascriptSdk] Generating sources into \"d:\\\\JatayuProducts\\\\website\\\\jatayu-web\\\\dataconnect-generated\\\\js\\\\default-connector\"\n"}}
[debug] [2026-05-31T14:26:40.316Z] I0531 19:56:40.317499    2672 collector.go:107] schema extensions wrote into "d:\\JatayuProducts\\website\\jatayu-web\\dataconnect\\.dataconnect\\schema"
Generated sources: prelude.gql [84995B] 
 {"metadata":{"emulator":{"name":"dataconnect"},"message":"I0531 19:56:40.317499    2672 collector.go:107] schema extensions wrote into \"d:\\\\JatayuProducts\\\\website\\\\jatayu-web\\\\dataconnect\\\\.dataconnect\\\\schema\"\nGenerated sources: prelude.gql [84995B] \n"}}
[debug] [2026-05-31T14:26:40.322Z] I0531 19:56:40.321438    2672 collector.go:107] connector "default" javascriptSdk wrote into "d:\\JatayuProducts\\website\\jatayu-web\\dataconnect-generated\\js\\default-connector"
Generated sources: esm\index.esm.js [133B] react\package.json [468B] .guides/config.json [236B] react\esm\package.json [17B] react\index.cjs.js [0B] react\esm\index.esm.js [0B] README.md [2896B] react\README.md [5474B] .guides/setup.md [1690B] .guides/usage.md [1334B] index.d.ts [248B] esm\package.json [17B] index.cjs.js [169B] package.json [861B] react\index.d.ts [228B] 
 {"metadata":{"emulator":{"name":"dataconnect"},"message":"I0531 19:56:40.321438    2672 collector.go:107] connector \"default\" javascriptSdk wrote into \"d:\\\\JatayuProducts\\\\website\\\\jatayu-web\\\\dataconnect-generated\\\\js\\\\default-connector\"\nGenerated sources: esm\\index.esm.js [133B] react\\package.json [468B] .guides/config.json [236B] react\\esm\\package.json [17B] react\\index.cjs.js [0B] react\\esm\\index.esm.js [0B] README.md [2896B] react\\README.md [5474B] .guides/setup.md [1690B] .guides/usage.md [1334B] index.d.ts [248B] esm\\package.json [17B] index.cjs.js [169B] package.json [861B] react\\index.d.ts [228B] \n"}}
[debug] [2026-05-31T14:26:40.324Z] I0531 19:56:40.324854    2672 installsdk.go:55] Package @firebasegen/default-connector is already installed. Skipping installation
I0531 19:56:40.324854    2672 load.go:109] Finished reloading
 {"metadata":{"emulator":{"name":"dataconnect"},"message":"I0531 19:56:40.324854    2672 installsdk.go:55] Package @firebasegen/default-connector is already installed. Skipping installation\nI0531 19:56:40.324854    2672 load.go:109] Finished reloading\n"}}
[info] [Firebase Plugin] Stopping SQL Connect toolkit
[warn] !  SQL Connect Emulator has exited upon receiving signal: SIGINT 
[debug] [2026-05-31T14:48:06.534Z] [Firebase Plugin] Activating Firebase extension.
[debug] [2026-05-31T14:48:12.566Z] [Firebase Plugin] requireAuthWrapper
[debug] [2026-05-31T14:48:12.568Z] > command requires scopes: ["email","openid","https://www.googleapis.com/auth/cloudplatformprojects.readonly","https://www.googleapis.com/auth/firebase","https://www.googleapis.com/auth/cloud-platform"]
[debug] [2026-05-31T14:48:12.569Z] > authorizing via signed-in user (gcpadmin@jatayuhealth.com)
[debug] [2026-05-31T14:48:12.572Z] Checked if tokens are valid: true, expires at: 1780240711084
[debug] [2026-05-31T14:48:12.572Z] Checked if tokens are valid: true, expires at: 1780240711084
[debug] [2026-05-31T14:48:12.573Z] [Firebase Plugin] User found:  gcpadmin@jatayuhealth.com
[info] [Firebase Plugin] (Core:Project) New user detected, fetching projects
[debug] [2026-05-31T14:48:12.575Z] Checked if tokens are valid: true, expires at: 1780240711084
[debug] [2026-05-31T14:48:12.576Z] >>> [apiv2][query] GET https://firebase.googleapis.com/v1beta1/projects pageSize=1000
[debug] [2026-05-31T14:48:12.588Z] [Firebase Plugin] VSCode notification server listening on port 40001
[info] [Firebase Plugin] Starting SQL Connect toolkit (version 3.4.9) on port 50001
[info] i  dataconnect: downloading dataconnect-emulator-3.4.9.exe... {"metadata":{"emulator":{"name":"dataconnect"},"message":"downloading dataconnect-emulator-3.4.9.exe..."}}
[debug] [2026-05-31T14:48:18.720Z] >>> [apiv2][query] GET https://storage.googleapis.com/firemat-preview-drop/emulator/dataconnect-emulator-windows-amd64-v3.4.9 
[debug] [2026-05-31T14:48:22.944Z] *** [apiv2] error from fetch(https://firebase.googleapis.com/v1beta1/projects?pageSize=1000, {"headers":{},"method":"GET","signal":{"reason":""}}): FetchError: request to https://firebase.googleapis.com/v1beta1/projects?pageSize=1000 failed, reason: socket hang up
[debug] [2026-05-31T14:48:22.944Z] Failed to make request to https://firebase.googleapis.com/v1beta1/projects?pageSize=1000
[debug] [2026-05-31T14:48:26.377Z] <<< [apiv2][status] GET https://storage.googleapis.com/firemat-preview-drop/emulator/dataconnect-emulator-windows-amd64-v3.4.9 200
[debug] [2026-05-31T14:48:26.378Z] <<< [apiv2][body] GET https://storage.googleapis.com/firemat-preview-drop/emulator/dataconnect-emulator-windows-amd64-v3.4.9 [stream]
[debug] [2026-05-31T14:49:24.976Z] I0531 20:19:23.266056   11120 control.go:100] [projects/emulator/locations/emulator/services/jatayu-company-website-instance 451a] UpdateResources(): done
Main schema: sources: schema\schema.gql [2088B] 
Connector "default": sources: connector\mutations.gql [1233B] connector\queries.gql [1802B] 
 {"metadata":{"emulator":{"name":"dataconnect"},"message":"I0531 20:19:23.266056   11120 control.go:100] [projects/emulator/locations/emulator/services/jatayu-company-website-instance 451a] UpdateResources(): done\nMain schema: sources: schema\\schema.gql [2088B] \nConnector \"default\": sources: connector\\mutations.gql [1233B] connector\\queries.gql [1802B] \n"}}
[debug] [2026-05-31T14:49:24.977Z] Ignoring unsupported arg: auto_download {"metadata":{"emulator":{"name":"dataconnect"},"message":"Ignoring unsupported arg: auto_download"}}
[debug] [2026-05-31T14:49:24.978Z] Ignoring unsupported arg: port {"metadata":{"emulator":{"name":"dataconnect"},"message":"Ignoring unsupported arg: port"}}
[debug] [2026-05-31T14:49:24.978Z] Starting SQL Connect Emulator with command {"binary":"C:\\Users\\sridh\\.cache\\firebase\\emulators\\dataconnect-emulator-3.4.9.exe","args":["--logtostderr","-v=2","dev","--listen=localhost:50001","--config_dir=d:\\JatayuProducts\\website\\jatayu-web\\dataconnect","--enable_output_schema_extensions=true","--enable_output_generated_sdk=true"],"optionalArgs":["listen","config_dir","enable_output_schema_extensions","enable_output_generated_sdk"],"joinArgs":true,"shell":false,"port":9399} {"metadata":{"emulator":{"name":"dataconnect"},"message":"Starting SQL Connect Emulator with command {\"binary\":\"C:\\\\Users\\\\sridh\\\\.cache\\\\firebase\\\\emulators\\\\dataconnect-emulator-3.4.9.exe\",\"args\":[\"--logtostderr\",\"-v=2\",\"dev\",\"--listen=localhost:50001\",\"--config_dir=d:\\\\JatayuProducts\\\\website\\\\jatayu-web\\\\dataconnect\",\"--enable_output_schema_extensions=true\",\"--enable_output_generated_sdk=true\"],\"optionalArgs\":[\"listen\",\"config_dir\",\"enable_output_schema_extensions\",\"enable_output_generated_sdk\"],\"joinArgs\":true,\"shell\":false,\"port\":9399}"}}
[info] i  dataconnect: SQL Connect Emulator logging to dataconnect-debug.log {"metadata":{"emulator":{"name":"dataconnect"},"message":"SQL Connect Emulator logging to \u001b[1mdataconnect-debug.log\u001b[22m"}}
[debug] [2026-05-31T14:49:25.031Z] I0531 20:19:25.028443    7492 load.go:31] Reloading schema and connectors...
I0531 20:19:25.032897    7492 control.go:100] [projects/emulator/locations/emulator/services/jatayu-company-website-instance 88bb] UpdateResources(): done
Main schema: sources: schema\schema.gql [2088B] 
Connector "default": sources: connector\mutations.gql [1233B] connector\queries.gql [1802B] 
I0531 20:19:25.036747    7492 codegen.go:101] [connector "default" javascriptSdk] Generating sources into "d:\\JatayuProducts\\website\\jatayu-web\\dataconnect-generated\\js\\default-connector"
 {"metadata":{"emulator":{"name":"dataconnect"},"message":"I0531 20:19:25.028443    7492 load.go:31] Reloading schema and connectors...\nI0531 20:19:25.032897    7492 control.go:100] [projects/emulator/locations/emulator/services/jatayu-company-website-instance 88bb] UpdateResources(): done\nMain schema: sources: schema\\schema.gql [2088B] \nConnector \"default\": sources: connector\\mutations.gql [1233B] connector\\queries.gql [1802B] \nI0531 20:19:25.036747    7492 codegen.go:101] [connector \"default\" javascriptSdk] Generating sources into \"d:\\\\JatayuProducts\\\\website\\\\jatayu-web\\\\dataconnect-generated\\\\js\\\\default-connector\"\n"}}
[debug] [2026-05-31T14:49:25.038Z] I0531 20:19:25.045765    7492 collector.go:107] schema extensions wrote into "d:\\JatayuProducts\\website\\jatayu-web\\dataconnect\\.dataconnect\\schema"
Generated sources: prelude.gql [84995B] 
 {"metadata":{"emulator":{"name":"dataconnect"},"message":"I0531 20:19:25.045765    7492 collector.go:107] schema extensions wrote into \"d:\\\\JatayuProducts\\\\website\\\\jatayu-web\\\\dataconnect\\\\.dataconnect\\\\schema\"\nGenerated sources: prelude.gql [84995B] \n"}}
[debug] [2026-05-31T14:49:25.076Z] I0531 20:19:25.084329    7492 collector.go:107] connector "default" javascriptSdk wrote into "d:\\JatayuProducts\\website\\jatayu-web\\dataconnect-generated\\js\\default-connector"
Generated sources: .guides/config.json [236B] react\index.cjs.js [0B] react\README.md [5474B] .guides/setup.md [1690B] index.d.ts [248B] esm\index.esm.js [133B] package.json [861B] README.md [2896B] react\index.d.ts [228B] esm\package.json [17B] react\package.json [468B] .guides/usage.md [1334B] index.cjs.js [169B] react\esm\package.json [17B] react\esm\index.esm.js [0B] 
 {"metadata":{"emulator":{"name":"dataconnect"},"message":"I0531 20:19:25.084329    7492 collector.go:107] connector \"default\" javascriptSdk wrote into \"d:\\\\JatayuProducts\\\\website\\\\jatayu-web\\\\dataconnect-generated\\\\js\\\\default-connector\"\nGenerated sources: .guides/config.json [236B] react\\index.cjs.js [0B] react\\README.md [5474B] .guides/setup.md [1690B] index.d.ts [248B] esm\\index.esm.js [133B] package.json [861B] README.md [2896B] react\\index.d.ts [228B] esm\\package.json [17B] react\\package.json [468B] .guides/usage.md [1334B] index.cjs.js [169B] react\\esm\\package.json [17B] react\\esm\\index.esm.js [0B] \n"}}
[debug] [2026-05-31T14:49:25.112Z] I0531 20:19:25.121721    7492 installsdk.go:55] Package @firebasegen/default-connector is already installed. Skipping installation
I0531 20:19:25.121721    7492 load.go:109] Finished reloading
 {"metadata":{"emulator":{"name":"dataconnect"},"message":"I0531 20:19:25.121721    7492 installsdk.go:55] Package @firebasegen/default-connector is already installed. Skipping installation\nI0531 20:19:25.121721    7492 load.go:109] Finished reloading\n"}}
[debug] [2026-05-31T14:49:25.134Z] I0531 20:19:25.143881    7492 dev.go:104] Listening on address (HTTP + gRPC): 127.0.0.1:50001
 {"metadata":{"emulator":{"name":"dataconnect"},"message":"I0531 20:19:25.143881    7492 dev.go:104] Listening on address (HTTP + gRPC): 127.0.0.1:50001\n"}}
[debug] [2026-05-31T14:49:26.261Z] I0531 20:19:25.301942    7492 engine.go:209] [projects/emulator/locations/emulator/services/jatayu-company-website-instance 88bb] ExecuteGraphqlRead query IntrospectionQuery: succeeded. 
 {"metadata":{"emulator":{"name":"dataconnect"},"message":"I0531 20:19:25.301942    7492 engine.go:209] [projects/emulator/locations/emulator/services/jatayu-company-website-instance 88bb] ExecuteGraphqlRead query IntrospectionQuery: succeeded. \n"}}
[debug] [2026-05-31T14:55:45.124Z] I0531 20:25:45.123865    7492 load.go:31] Reloading schema and connectors...
 {"metadata":{"emulator":{"name":"dataconnect"},"message":"I0531 20:25:45.123865    7492 load.go:31] Reloading schema and connectors...\n"}}
[debug] [2026-05-31T14:55:45.130Z] I0531 20:25:45.130593    7492 control.go:100] [projects/emulator/locations/emulator/services/jatayu-company-website-service bffe] UpdateResources(): done
Main schema: sources: schema\schema.gql [2088B] 
Connector "default": sources: connector\mutations.gql [1233B] connector\queries.gql [1802B] 
 {"metadata":{"emulator":{"name":"dataconnect"},"message":"I0531 20:25:45.130593    7492 control.go:100] [projects/emulator/locations/emulator/services/jatayu-company-website-service bffe] UpdateResources(): done\nMain schema: sources: schema\\schema.gql [2088B] \nConnector \"default\": sources: connector\\mutations.gql [1233B] connector\\queries.gql [1802B] \n"}}
[debug] [2026-05-31T14:55:45.139Z] I0531 20:25:45.139959    7492 codegen.go:101] [connector "default" javascriptSdk] Generating sources into "d:\\JatayuProducts\\website\\jatayu-web\\dataconnect-generated\\js\\default-connector"
 {"metadata":{"emulator":{"name":"dataconnect"},"message":"I0531 20:25:45.139959    7492 codegen.go:101] [connector \"default\" javascriptSdk] Generating sources into \"d:\\\\JatayuProducts\\\\website\\\\jatayu-web\\\\dataconnect-generated\\\\js\\\\default-connector\"\n"}}
[debug] [2026-05-31T14:55:45.157Z] I0531 20:25:45.157076    7492 collector.go:107] schema extensions wrote into "d:\\JatayuProducts\\website\\jatayu-web\\dataconnect\\.dataconnect\\schema"
Generated sources: prelude.gql [84995B] 
 {"metadata":{"emulator":{"name":"dataconnect"},"message":"I0531 20:25:45.157076    7492 collector.go:107] schema extensions wrote into \"d:\\\\JatayuProducts\\\\website\\\\jatayu-web\\\\dataconnect\\\\.dataconnect\\\\schema\"\nGenerated sources: prelude.gql [84995B] \n"}}
[debug] [2026-05-31T14:55:45.165Z] I0531 20:25:45.164879    7492 collector.go:107] connector "default" javascriptSdk wrote into "d:\\JatayuProducts\\website\\jatayu-web\\dataconnect-generated\\js\\default-connector"
Generated sources: react\README.md [5474B] index.cjs.js [168B] react\package.json [468B] react\esm\package.json [17B] react\index.cjs.js [0B] react\esm\index.esm.js [0B] esm\index.esm.js [132B] esm\package.json [17B] README.md [2896B] react\index.d.ts [228B] .guides/setup.md [1690B] index.d.ts [248B] package.json [861B] .guides/usage.md [1334B] .guides/config.json [236B] 
 {"metadata":{"emulator":{"name":"dataconnect"},"message":"I0531 20:25:45.164879    7492 collector.go:107] connector \"default\" javascriptSdk wrote into \"d:\\\\JatayuProducts\\\\website\\\\jatayu-web\\\\dataconnect-generated\\\\js\\\\default-connector\"\nGenerated sources: react\\README.md [5474B] index.cjs.js [168B] react\\package.json [468B] react\\esm\\package.json [17B] react\\index.cjs.js [0B] react\\esm\\index.esm.js [0B] esm\\index.esm.js [132B] esm\\package.json [17B] README.md [2896B] react\\index.d.ts [228B] .guides/setup.md [1690B] index.d.ts [248B] package.json [861B] .guides/usage.md [1334B] .guides/config.json [236B] \n"}}
[debug] [2026-05-31T14:55:45.199Z] I0531 20:25:45.199198    7492 installsdk.go:55] Package @firebasegen/default-connector is already installed. Skipping installation
I0531 20:25:45.199198    7492 load.go:109] Finished reloading
 {"metadata":{"emulator":{"name":"dataconnect"},"message":"I0531 20:25:45.199198    7492 installsdk.go:55] Package @firebasegen/default-connector is already installed. Skipping installation\nI0531 20:25:45.199198    7492 load.go:109] Finished reloading\n"}}
[info] [Firebase Plugin] Stopping SQL Connect toolkit
[warn] !  SQL Connect Emulator has exited upon receiving signal: SIGINT 
[debug] [2026-05-31T15:02:05.953Z] [Firebase Plugin] Activating Firebase extension.
[debug] [2026-05-31T15:02:10.515Z] [Firebase Plugin] requireAuthWrapper
[debug] [2026-05-31T15:02:10.519Z] > command requires scopes: ["email","openid","https://www.googleapis.com/auth/cloudplatformprojects.readonly","https://www.googleapis.com/auth/firebase","https://www.googleapis.com/auth/cloud-platform"]
[debug] [2026-05-31T15:02:10.520Z] > authorizing via signed-in user (gcpadmin@jatayuhealth.com)
[debug] [2026-05-31T15:02:10.525Z] Checked if tokens are valid: true, expires at: 1780240711084
[debug] [2026-05-31T15:02:10.525Z] Checked if tokens are valid: true, expires at: 1780240711084
[debug] [2026-05-31T15:02:10.526Z] [Firebase Plugin] User found:  gcpadmin@jatayuhealth.com
[info] [Firebase Plugin] (Core:Project) New user detected, fetching projects
[debug] [2026-05-31T15:02:10.529Z] Checked if tokens are valid: true, expires at: 1780240711084
[debug] [2026-05-31T15:02:10.531Z] >>> [apiv2][query] GET https://firebase.googleapis.com/v1beta1/projects pageSize=1000
[debug] [2026-05-31T15:02:10.553Z] [Firebase Plugin] VSCode notification server listening on port 40001
[info] [Firebase Plugin] Starting SQL Connect toolkit (version 3.4.9) on port 50001
[info] i  dataconnect: downloading dataconnect-emulator-3.4.9.exe... {"metadata":{"emulator":{"name":"dataconnect"},"message":"downloading dataconnect-emulator-3.4.9.exe..."}}
[debug] [2026-05-31T15:02:10.997Z] >>> [apiv2][query] GET https://storage.googleapis.com/firemat-preview-drop/emulator/dataconnect-emulator-windows-amd64-v3.4.9 
[debug] [2026-05-31T15:02:11.182Z] <<< [apiv2][status] GET https://firebase.googleapis.com/v1beta1/projects 200
[debug] [2026-05-31T15:02:11.183Z] <<< [apiv2][body] GET https://firebase.googleapis.com/v1beta1/projects [omitted]
[debug] [2026-05-31T15:02:13.313Z] <<< [apiv2][status] GET https://storage.googleapis.com/firemat-preview-drop/emulator/dataconnect-emulator-windows-amd64-v3.4.9 200
[debug] [2026-05-31T15:02:13.314Z] <<< [apiv2][body] GET https://storage.googleapis.com/firemat-preview-drop/emulator/dataconnect-emulator-windows-amd64-v3.4.9 [stream]
[info] i  dataconnect: Removing outdated emulator files: dataconnect-emulator-1.8.5.exe {"metadata":{"emulator":{"name":"dataconnect"},"message":"Removing outdated emulator files: dataconnect-emulator-1.8.5.exe"}}
[debug] [2026-05-31T15:02:47.898Z] 'fdc build' failed with error: EPERM: operation not permitted, unlink 'C:\Users\sridh\.cache\firebase\emulators\dataconnect-emulator-1.8.5.exe' {"metadata":{"emulator":{"name":"dataconnect"},"message":"'fdc build' failed with error: EPERM: operation not permitted, unlink 'C:\\Users\\sridh\\.cache\\firebase\\emulators\\dataconnect-emulator-1.8.5.exe'"}}
[debug] [2026-05-31T15:02:47.902Z] Ignoring unsupported arg: auto_download {"metadata":{"emulator":{"name":"dataconnect"},"message":"Ignoring unsupported arg: auto_download"}}
[debug] [2026-05-31T15:02:47.903Z] Ignoring unsupported arg: port {"metadata":{"emulator":{"name":"dataconnect"},"message":"Ignoring unsupported arg: port"}}
[debug] [2026-05-31T15:02:47.904Z] Starting SQL Connect Emulator with command {"binary":"C:\\Users\\sridh\\.cache\\firebase\\emulators\\dataconnect-emulator-3.4.9.exe","args":["--logtostderr","-v=2","dev","--listen=localhost:50001","--config_dir=d:\\JatayuProducts\\website\\jatayu-web\\dataconnect","--enable_output_schema_extensions=true","--enable_output_generated_sdk=true"],"optionalArgs":["listen","config_dir","enable_output_schema_extensions","enable_output_generated_sdk"],"joinArgs":true,"shell":false,"port":9399} {"metadata":{"emulator":{"name":"dataconnect"},"message":"Starting SQL Connect Emulator with command {\"binary\":\"C:\\\\Users\\\\sridh\\\\.cache\\\\firebase\\\\emulators\\\\dataconnect-emulator-3.4.9.exe\",\"args\":[\"--logtostderr\",\"-v=2\",\"dev\",\"--listen=localhost:50001\",\"--config_dir=d:\\\\JatayuProducts\\\\website\\\\jatayu-web\\\\dataconnect\",\"--enable_output_schema_extensions=true\",\"--enable_output_generated_sdk=true\"],\"optionalArgs\":[\"listen\",\"config_dir\",\"enable_output_schema_extensions\",\"enable_output_generated_sdk\"],\"joinArgs\":true,\"shell\":false,\"port\":9399}"}}
[info] i  dataconnect: SQL Connect Emulator logging to dataconnect-debug.log {"metadata":{"emulator":{"name":"dataconnect"},"message":"SQL Connect Emulator logging to \u001b[1mdataconnect-debug.log\u001b[22m"}}
[debug] [2026-05-31T15:02:48.382Z] I0531 20:32:48.380329   15512 load.go:31] Reloading schema and connectors...
 {"metadata":{"emulator":{"name":"dataconnect"},"message":"I0531 20:32:48.380329   15512 load.go:31] Reloading schema and connectors...\n"}}
[debug] [2026-05-31T15:02:48.387Z] I0531 20:32:48.387721   15512 control.go:100] [projects/emulator/locations/emulator/services/jatayu-company-website-service 55c2] UpdateResources(): done
Main schema: sources: schema\schema.gql [2088B] 
Connector "default": sources: connector\mutations.gql [1233B] connector\queries.gql [1802B] 
 {"metadata":{"emulator":{"name":"dataconnect"},"message":"I0531 20:32:48.387721   15512 control.go:100] [projects/emulator/locations/emulator/services/jatayu-company-website-service 55c2] UpdateResources(): done\nMain schema: sources: schema\\schema.gql [2088B] \nConnector \"default\": sources: connector\\mutations.gql [1233B] connector\\queries.gql [1802B] \n"}}
[debug] [2026-05-31T15:02:48.394Z] I0531 20:32:48.393764   15512 codegen.go:101] [connector "default" javascriptSdk] Generating sources into "d:\\JatayuProducts\\website\\jatayu-web\\dataconnect-generated\\js\\default-connector"
 {"metadata":{"emulator":{"name":"dataconnect"},"message":"I0531 20:32:48.393764   15512 codegen.go:101] [connector \"default\" javascriptSdk] Generating sources into \"d:\\\\JatayuProducts\\\\website\\\\jatayu-web\\\\dataconnect-generated\\\\js\\\\default-connector\"\n"}}
[debug] [2026-05-31T15:02:48.408Z] I0531 20:32:48.407679   15512 collector.go:107] schema extensions wrote into "d:\\JatayuProducts\\website\\jatayu-web\\dataconnect\\.dataconnect\\schema"
Generated sources: prelude.gql [84995B] 
 {"metadata":{"emulator":{"name":"dataconnect"},"message":"I0531 20:32:48.407679   15512 collector.go:107] schema extensions wrote into \"d:\\\\JatayuProducts\\\\website\\\\jatayu-web\\\\dataconnect\\\\.dataconnect\\\\schema\"\nGenerated sources: prelude.gql [84995B] \n"}}
[debug] [2026-05-31T15:02:48.442Z] I0531 20:32:48.427662   15512 collector.go:107] connector "default" javascriptSdk wrote into "d:\\JatayuProducts\\website\\jatayu-web\\dataconnect-generated\\js\\default-connector"
Generated sources: index.cjs.js [168B] package.json [861B] react\index.cjs.js [0B] react\README.md [5474B] .guides/usage.md [1334B] .guides/setup.md [1690B] .guides/config.json [236B] index.d.ts [248B] esm\index.esm.js [132B] react\esm\index.esm.js [0B] README.md [2896B] react\package.json [468B] react\esm\package.json [17B] esm\package.json [17B] react\index.d.ts [228B] 
 {"metadata":{"emulator":{"name":"dataconnect"},"message":"I0531 20:32:48.427662   15512 collector.go:107] connector \"default\" javascriptSdk wrote into \"d:\\\\JatayuProducts\\\\website\\\\jatayu-web\\\\dataconnect-generated\\\\js\\\\default-connector\"\nGenerated sources: index.cjs.js [168B] package.json [861B] react\\index.cjs.js [0B] react\\README.md [5474B] .guides/usage.md [1334B] .guides/setup.md [1690B] .guides/config.json [236B] index.d.ts [248B] esm\\index.esm.js [132B] react\\esm\\index.esm.js [0B] README.md [2896B] react\\package.json [468B] react\\esm\\package.json [17B] esm\\package.json [17B] react\\index.d.ts [228B] \n"}}
[debug] [2026-05-31T15:02:48.468Z] I0531 20:32:48.468452   15512 installsdk.go:55] Package @firebasegen/default-connector is already installed. Skipping installation
I0531 20:32:48.468452   15512 load.go:109] Finished reloading
 {"metadata":{"emulator":{"name":"dataconnect"},"message":"I0531 20:32:48.468452   15512 installsdk.go:55] Package @firebasegen/default-connector is already installed. Skipping installation\nI0531 20:32:48.468452   15512 load.go:109] Finished reloading\n"}}
[debug] [2026-05-31T15:02:48.514Z] I0531 20:32:48.509895   15512 dev.go:104] Listening on address (HTTP + gRPC): 127.0.0.1:50001
 {"metadata":{"emulator":{"name":"dataconnect"},"message":"I0531 20:32:48.509895   15512 dev.go:104] Listening on address (HTTP + gRPC): 127.0.0.1:50001\n"}}
[debug] [2026-05-31T15:02:48.785Z] I0531 20:32:48.785618   15512 engine.go:209] [projects/emulator/locations/emulator/services/jatayu-company-website-service 55c2] ExecuteGraphqlRead query IntrospectionQuery: succeeded. 
 {"metadata":{"emulator":{"name":"dataconnect"},"message":"I0531 20:32:48.785618   15512 engine.go:209] [projects/emulator/locations/emulator/services/jatayu-company-website-service 55c2] ExecuteGraphqlRead query IntrospectionQuery: succeeded. \n"}}
[debug] [2026-05-31T15:03:06.853Z] [Firebase Plugin] Received CLI notification.
[debug] [2026-05-31T15:03:06.870Z] [Firebase Plugin] Received emulators shutdown notification.
[debug] [2026-05-31T15:04:09.368Z] [Firebase Plugin] Received emulators shutdown notification.
[debug] [2026-05-31T15:04:09.379Z] [Firebase Plugin] Received emulators shutdown notification.
[debug] [2026-05-31T15:04:25.023Z] [Firebase Plugin] Received CLI notification.
[debug] [2026-05-31T15:04:25.039Z] [Firebase Plugin] Received emulators shutdown notification.
[debug] [2026-05-31T15:04:40.520Z] [Firebase Plugin] Received emulators started notification. Running detection.
[debug] [2026-05-31T15:04:40.521Z] Found emulator hub locator: {"version":"13.34.0","origins":["http://127.0.0.1:4400","http://[::1]:4400"]}
[debug] [2026-05-31T15:04:40.524Z] >>> [apiv2][query] GET http://127.0.0.1:4400/emulators [none]
[debug] [2026-05-31T15:04:40.562Z] <<< [apiv2][status] GET http://127.0.0.1:4400/emulators 200
[debug] [2026-05-31T15:04:40.562Z] <<< [apiv2][body] GET http://127.0.0.1:4400/emulators {"hub":{"listen":[{"address":"127.0.0.1","family":"IPv4","port":4400},{"address":"::1","family":"IPv6","port":4400}],"name":"hub","host":"127.0.0.1","port":4400},"logging":{"listen":[{"address":"127.0.0.1","family":"IPv4","port":4500}],"name":"logging","host":"127.0.0.1","port":4500},"dataconnect":{"listen":[{"address":"127.0.0.1","family":"IPv4","port":9399},{"address":"::1","family":"IPv6","port":9399}],"name":"dataconnect","host":"127.0.0.1","port":9399,"pid":20700,"timeout":10000}}
[debug] [2026-05-31T15:04:40.724Z] I0531 20:34:40.710262   15512 engine.go:209] [projects/emulator/locations/emulator/services/jatayu-company-website-service 55c2] ExecuteGraphqlRead query IntrospectionQuery: succeeded. 
 {"metadata":{"emulator":{"name":"dataconnect"},"message":"I0531 20:34:40.710262   15512 engine.go:209] [projects/emulator/locations/emulator/services/jatayu-company-website-service 55c2] ExecuteGraphqlRead query IntrospectionQuery: succeeded. \n"}}
